node.exe : npm warn Unknown env config "devdir". This will stop working in the next major version of npm.
At line:1 char:1
+ & "C:\Program Files/node.exe" "C:\Users\supri\AppData\Roaming\npm/nod ...
+ ~~~~~~~~~~~~~~~~~~~~~~~~~~~~~~~~~~~~~~~~~~~~~~~~~~~~~~~~~~~~~~~~~~~~~
    + CategoryInfo          : NotSpecified: (npm warn Unknow...version of npm.:String) [], RemoteException
    + FullyQualifiedErrorId : NativeCommandError
 

> valifye-marketing@0.1.0 build
> next build

Γû▓ Next.js 16.1.6 (Turbopack)
- Environments: .env.local, .env

ΓÜá The "middleware" file convention is deprecated. Please use "proxy" instead. Learn more: 
https://nextjs.org/docs/messages/middleware-to-proxy
  Creating an optimized production build ...
Γ£ô Compiled successfully in 59s
  Running TypeScript ...
  Collecting page data using 7 workers ...
[india_local_opportunity_pages] Build slug fetch failed: Could not find the table 
'public.india_local_opportunity_pages' in the schema cache
[local_feasibility_pages] Build slug fetch failed for India: Could not find the table 'public.local_feasibility_pages' 
in the schema cache
  Generating static pages using 7 workers (0/340) ...
[PSEO DEBUG] table: local_opportunity_pages | raw params: { slug: 'startup-opportunities-nashik-maharashtra-2025' }
[PSEO DEBUG] extracted slug: "startup-opportunities-nashik-maharashtra-2025"
[PSEO DEBUG] table: india_validation_guide_pages | raw params: { slug: 'ai-gst-notice-reply-ca' }
[PSEO DEBUG] extracted slug: "ai-gst-notice-reply-ca"
[PSEO DEBUG] table: local_opportunity_pages | raw params: { slug: 'startup-opportunities-surat-gujarat-2025' }
[PSEO DEBUG] table: india_validation_guide_pages | raw params: { slug: 'qcommerce-darkstore-expiry-management' }
[PSEO DEBUG] extracted slug: "startup-opportunities-surat-gujarat-2025"
[PSEO DEBUG] extracted slug: "qcommerce-darkstore-expiry-management"
[PSEO DEBUG] table: india_should_i_build_pages | raw params: { slug: 'esports-cafe-management-software' }
[PSEO DEBUG] extracted slug: "esports-cafe-management-software"
[PSEO DEBUG] table: local_opportunity_pages | raw params: { slug: 'startup-opportunities-nagpur-maharashtra-2025' }
[PSEO DEBUG] extracted slug: "startup-opportunities-nagpur-maharashtra-2025"
[PSEO DEBUG] table: local_opportunity_pages | raw params: { slug: 'startup-opportunities-ahmedabad-gujarat-2025' }
[PSEO DEBUG] extracted slug: "startup-opportunities-ahmedabad-gujarat-2025"
[PSEO DEBUG] table: india_validation_guide_pages | raw params: { slug: 'cross-border-d2c-export-compliance' }
[PSEO DEBUG] extracted slug: "cross-border-d2c-export-compliance"
[PSEO DEBUG] table: local_opportunity_pages | raw params: { slug: 'startup-opportunities-chandigarh-punjab-2025' }
[PSEO DEBUG] extracted slug: "startup-opportunities-chandigarh-punjab-2025"
[PSEO DEBUG] table: local_opportunity_pages | raw params: { slug: 'startup-opportunities-trichy-tamil-nadu-2025' }
[PSEO DEBUG] extracted slug: "startup-opportunities-trichy-tamil-nadu-2025"
[PSEO DEBUG] table: india_validation_guide_pages | raw params: { slug: 'vernacular-blue-collar-attendance-payout' }
[PSEO DEBUG] table: india_should_i_build_pages | raw params: { slug: 'eway-bill-automation-d2c' }
[PSEO DEBUG] extracted slug: "eway-bill-automation-d2c"
[PSEO DEBUG] extracted slug: "vernacular-blue-collar-attendance-payout"
[PSEO DEBUG] table: local_opportunity_pages | raw params: { slug: 'startup-opportunities-kanpur-uttar-pradesh-2025' }
[PSEO DEBUG] extracted slug: "startup-opportunities-kanpur-uttar-pradesh-2025"
[PSEO DEBUG] table: market_saturation_pages | raw params: { slug: 'portfolio-builder-freelance-market-crowded' }
[PSEO DEBUG] table: india_should_i_build_pages | raw params: { slug: 'housing-society-billing-software' }
[PSEO DEBUG] extracted slug: "housing-society-billing-software"
[PSEO DEBUG] extracted slug: "portfolio-builder-freelance-market-crowded"
[PSEO DEBUG] table: india_should_i_build_pages | raw params: { slug: 'clinic-emr-whatsapp-software' }
[PSEO DEBUG] extracted slug: "clinic-emr-whatsapp-software"
[PSEO DEBUG] table: local_opportunity_pages | raw params: { slug: 'startup-opportunities-visakhapatnam-andhra-2025' }
[PSEO DEBUG] extracted slug: "startup-opportunities-visakhapatnam-andhra-2025"
[PSEO DEBUG] table: india_should_i_build_pages | raw params: { slug: 'indian-address-parser-rto' }
[PSEO DEBUG] extracted slug: "indian-address-parser-rto"
[PSEO DEBUG] table: india_validation_guide_pages | raw params: { slug: 'dpdp-act-compliance-audit-india' }
[PSEO DEBUG] extracted slug: "dpdp-act-compliance-audit-india"
[PSEO DEBUG] query slug: "startup-opportunities-nashik-maharashtra-2025" | result: FOUND (id: startup-opportunities-nashik-maharashtra-2025)
[PSEO DEBUG] table: india_should_i_build_pages | raw params: { slug: 'upi-subscription-engine-gyms' }
[PSEO DEBUG] extracted slug: "upi-subscription-engine-gyms"
[PSEO DEBUG] table: india_validation_guide_pages | raw params: { slug: 'b2b-scrap-metal-marketplace' }
[PSEO DEBUG] extracted slug: "b2b-scrap-metal-marketplace"
[PSEO DEBUG] table: india_validation_guide_pages | raw params: { slug: 'customs-cha-clearing-automation' }
[PSEO DEBUG] extracted slug: "customs-cha-clearing-automation"
[PSEO DEBUG] table: india_validation_guide_pages | raw params: { slug: 'cold-storage-iot-leakage-tracker' }
[PSEO DEBUG] extracted slug: "cold-storage-iot-leakage-tracker"
[PSEO DEBUG] query slug: "startup-opportunities-surat-gujarat-2025" | result: FOUND (id: startup-opportunities-surat-gujarat-2025)
[PSEO DEBUG] query slug: "startup-opportunities-nagpur-maharashtra-2025" | result: FOUND (id: startup-opportunities-nagpur-maharashtra-2025)
[PSEO DEBUG] query slug: "startup-opportunities-ahmedabad-gujarat-2025" | result: FOUND (id: startup-opportunities-ahmedabad-gujarat-2025)
[PSEO DEBUG] query slug: "startup-opportunities-chandigarh-punjab-2025" | result: FOUND (id: startup-opportunities-chandigarh-punjab-2025)
[PSEO DEBUG] query slug: "startup-opportunities-trichy-tamil-nadu-2025" | result: FOUND (id: startup-opportunities-trichy-tamil-nadu-2025)
[PSEO DEBUG] table: saas_ideas_vertical_pages | raw params: { slug: 'local-business' }
[PSEO DEBUG] extracted slug: "local-business"
[PSEO DEBUG] table: saas_ideas_vertical_pages | raw params: { slug: 'undersaturated-saas-ideas-2025' }
[PSEO DEBUG] extracted slug: "undersaturated-saas-ideas-2025"
[PSEO DEBUG] table: saas_ideas_vertical_pages | raw params: { slug: 'solo-founders-2025' }
[PSEO DEBUG] extracted slug: "solo-founders-2025"
[PSEO DEBUG] table: saas_ideas_vertical_pages | raw params: { slug: 'restaurants' }
[PSEO DEBUG] extracted slug: "restaurants"
[PSEO DEBUG] table: saas_ideas_vertical_pages | raw params: { slug: 'real-estate' }
[PSEO DEBUG] extracted slug: "real-estate"
[PSEO DEBUG] table: profitable_niche_pages | raw params: { slug: 'ai-customer-service-bot-small-business' }
[PSEO DEBUG] extracted slug: "ai-customer-service-bot-small-business"
[PSEO DEBUG] query slug: "ai-gst-notice-reply-ca" | result: FOUND (id: ai-gst-notice-reply-ca)
[PSEO DEBUG] query slug: "cold-storage-iot-leakage-tracker" | result: FOUND (id: cold-storage-iot-leakage-tracker)
[PSEO DEBUG] table: profitable_niche_pages | raw params: { slug: 'ai-email-rewriter-freelancers' }
[PSEO DEBUG] extracted slug: "ai-email-rewriter-freelancers"
[PSEO DEBUG] table: profitable_niche_pages | raw params: { slug: 'ai-meeting-summary-tool-agencies' }
[PSEO DEBUG] extracted slug: "ai-meeting-summary-tool-agencies"
[PSEO DEBUG] table: profitable_niche_pages | raw params: { slug: 'ai-podcast-generator-2025' }
[PSEO DEBUG] extracted slug: "ai-podcast-generator-2025"
[PSEO DEBUG] query slug: "indian-address-parser-rto" | result: FOUND (id: indian-address-parser-rto)
[PSEO DEBUG] query slug: "customs-cha-clearing-automation" | result: FOUND (id: customs-cha-clearing-automation)
[PSEO DEBUG] query slug: "cross-border-d2c-export-compliance" | result: FOUND (id: cross-border-d2c-export-compliance)
[PSEO DEBUG] query slug: "startup-opportunities-kanpur-uttar-pradesh-2025" | result: FOUND (id: startup-opportunities-kanpur-uttar-pradesh-2025)
[PSEO DEBUG] query slug: "startup-opportunities-visakhapatnam-andhra-2025" | result: FOUND (id: startup-opportunities-visakhapatnam-andhra-2025)
[PSEO DEBUG] query slug: "local-business" | result: FOUND (id: local-business)
[PSEO DEBUG] query slug: "dpdp-act-compliance-audit-india" | result: FOUND (id: dpdp-act-compliance-audit-india)
[PSEO DEBUG] query slug: "clinic-emr-whatsapp-software" | result: FOUND (id: clinic-emr-whatsapp-software)
[PSEO DEBUG] query slug: "qcommerce-darkstore-expiry-management" | result: FOUND (id: qcommerce-darkstore-expiry-management)
[PSEO DEBUG] query slug: "portfolio-builder-freelance-market-crowded" | result: FOUND (id: portfolio-builder-freelance-market-crowded)
[PSEO DEBUG] query slug: "esports-cafe-management-software" | result: FOUND (id: esports-cafe-management-software)
[PSEO DEBUG] query slug: "housing-society-billing-software" | result: FOUND (id: housing-society-billing-software)
[PSEO DEBUG] query slug: "eway-bill-automation-d2c" | result: FOUND (id: eway-bill-automation-d2c)
[sitemap] Section 16 failed: Error: Could not find the table 'public.local_feasibility_pages' in the schema cache
    at ignore-listed frames
[PSEO DEBUG] query slug: "upi-subscription-engine-gyms" | result: FOUND (id: upi-subscription-engine-gyms)
[PSEO DEBUG] query slug: "undersaturated-saas-ideas-2025" | result: FOUND (id: undersaturated-saas-ideas-2025)
[PSEO DEBUG] query slug: "restaurants" | result: FOUND (id: restaurants)
[PSEO DEBUG] query slug: "real-estate" | result: FOUND (id: real-estate)
[PSEO DEBUG] query slug: "ai-meeting-summary-tool-agencies" | result: FOUND (id: ai-meeting-summary-tool-agencies)
[PSEO DEBUG] query slug: "ai-email-rewriter-freelancers" | result: FOUND (id: ai-email-rewriter-freelancers)
[PSEO DEBUG] query slug: "ai-customer-service-bot-small-business" | result: FOUND (id: ai-customer-service-bot-small-business)
[PSEO DEBUG] query slug: "ai-podcast-generator-2025" | result: FOUND (id: ai-podcast-generator-2025)
[PSEO DEBUG] table: local_opportunity_pages | raw params: { slug: 'startup-opportunities-bhopal-madhya-pradesh-2025' }
[PSEO DEBUG] extracted slug: "startup-opportunities-bhopal-madhya-pradesh-2025"
[PSEO DEBUG] table: local_opportunity_pages | raw params: { slug: 'startup-opportunities-ranchi-jharkhand-2025' }
[PSEO DEBUG] extracted slug: "startup-opportunities-ranchi-jharkhand-2025"
[PSEO DEBUG] table: local_opportunity_pages | raw params: { slug: 'startup-opportunities-trivandrum-kerala-2025' }
[PSEO DEBUG] extracted slug: "startup-opportunities-trivandrum-kerala-2025"
[PSEO DEBUG] table: local_opportunity_pages | raw params: { slug: 'startup-opportunities-gwalior-madhya-pradesh-2025' }
[PSEO DEBUG] extracted slug: "startup-opportunities-gwalior-madhya-pradesh-2025"
[PSEO DEBUG] table: local_opportunity_pages | raw params: { slug: 'startup-opportunities-jamshedpur-jharkhand-2025' }
[PSEO DEBUG] extracted slug: "startup-opportunities-jamshedpur-jharkhand-2025"
[PSEO DEBUG] table: local_opportunity_pages | raw params: { slug: 'startup-opportunities-mysore-karnataka-2025' }
[PSEO DEBUG] extracted slug: "startup-opportunities-mysore-karnataka-2025"
[PSEO DEBUG] table: local_opportunity_pages | raw params: { slug: 'startup-opportunities-burlington-vermont-2025' }
[PSEO DEBUG] extracted slug: "startup-opportunities-burlington-vermont-2025"
[PSEO DEBUG] table: local_opportunity_pages | raw params: { slug: 'startup-opportunities-asheville-north-carolina-2025' }
[PSEO DEBUG] extracted slug: "startup-opportunities-asheville-north-carolina-2025"
[PSEO DEBUG] query slug: "solo-founders-2025" | result: FOUND (id: solo-founders-2025)
[PSEO DEBUG] query slug: "startup-opportunities-bhopal-madhya-pradesh-2025" | result: FOUND (id: startup-opportunities-bhopal-madhya-pradesh-2025)
[sitemap] Section 21 failed: Error: Could not find the table 'public.india_local_opportunity_pages' in the schema cache
    at ignore-listed frames
[PSEO DEBUG] query slug: "startup-opportunities-ranchi-jharkhand-2025" | result: FOUND (id: startup-opportunities-ranchi-jharkhand-2025)
[PSEO DEBUG] query slug: "startup-opportunities-gwalior-madhya-pradesh-2025" | result: FOUND (id: startup-opportunities-gwalior-madhya-pradesh-2025)
[PSEO DEBUG] query slug: "startup-opportunities-jamshedpur-jharkhand-2025" | result: FOUND (id: startup-opportunities-jamshedpur-jharkhand-2025)
[PSEO DEBUG] query slug: "startup-opportunities-mysore-karnataka-2025" | result: FOUND (id: startup-opportunities-mysore-karnataka-2025)
[PSEO DEBUG] query slug: "b2b-scrap-metal-marketplace" | result: FOUND (id: b2b-scrap-metal-marketplace)
[PSEO DEBUG] query slug: "startup-opportunities-burlington-vermont-2025" | result: FOUND (id: startup-opportunities-burlington-vermont-2025)
[PSEO DEBUG] query slug: "startup-opportunities-asheville-north-carolina-2025" | result: FOUND (id: startup-opportunities-asheville-north-carolina-2025)
[PSEO DEBUG] query slug: "startup-opportunities-trivandrum-kerala-2025" | result: FOUND (id: startup-opportunities-trivandrum-kerala-2025)
[PSEO DEBUG] query slug: "vernacular-blue-collar-attendance-payout" | result: FOUND (id: vernacular-blue-collar-attendance-payout)
[PSEO DEBUG] table: india_market_saturation_pages | raw params: { slug: 'whatsapp-marketing-automation-d2c-india' }
[PSEO DEBUG] extracted slug: "whatsapp-marketing-automation-d2c-india"
[PSEO DEBUG] table: india_market_saturation_pages | raw params: { slug: 'upi-b2b-payment-reconciliation-smb' }
[PSEO DEBUG] extracted slug: "upi-b2b-payment-reconciliation-smb"
[PSEO DEBUG] table: india_market_saturation_pages | raw params: { slug: 'ai-resume-screener-tech-hiring-india' }
[PSEO DEBUG] extracted slug: "ai-resume-screener-tech-hiring-india"
[PSEO DEBUG] table: india_market_saturation_pages | raw params: { slug: 'no-code-gst-filing-einvoicing-middleware' }
[PSEO DEBUG] extracted slug: "no-code-gst-filing-einvoicing-middleware"
[PSEO DEBUG] table: india_market_saturation_pages | raw params: { slug: 'cold-email-lead-generation-agency-tools' }
[PSEO DEBUG] extracted slug: "cold-email-lead-generation-agency-tools"
[PSEO DEBUG] table: india_market_saturation_pages | raw params: { slug: 'linkedin-cold-outbound-automation-india' }
[PSEO DEBUG] extracted slug: "linkedin-cold-outbound-automation-india"
[PSEO DEBUG] table: india_market_saturation_pages | raw params: { slug: 'rto-predictive-analytics-shopify-india' }
[PSEO DEBUG] extracted slug: "rto-predictive-analytics-shopify-india"
[PSEO DEBUG] table: india_market_saturation_pages | raw params: { slug: 'no-code-boilerplate-kits-india' }
[PSEO DEBUG] extracted slug: "no-code-boilerplate-kits-india"
[PSEO DEBUG] table: profitable_niche_pages | raw params: { slug: 'ai-resume-builder-job-seekers' }
[PSEO DEBUG] extracted slug: "ai-resume-builder-job-seekers"
[PSEO DEBUG] table: profitable_niche_pages | raw params: { slug: 'auto-repair-software' }
[PSEO DEBUG] extracted slug: "auto-repair-software"
[PSEO DEBUG] table: profitable_niche_pages | raw params: { slug: 'car-wash-software' }
[PSEO DEBUG] extracted slug: "car-wash-software"
[PSEO DEBUG] table: profitable_niche_pages | raw params: { slug: 'childcare-management-software' }
[PSEO DEBUG] extracted slug: "childcare-management-software"
[PSEO DEBUG] table: profitable_niche_pages | raw params: { slug: 'chiropractic-software' }
[PSEO DEBUG] extracted slug: "chiropractic-software"
[PSEO DEBUG] table: profitable_niche_pages | raw params: { slug: 'church-management-software' }
[PSEO DEBUG] extracted slug: "church-management-software"
[PSEO DEBUG] table: profitable_niche_pages | raw params: { slug: 'cleaning-service-software' }
[PSEO DEBUG] extracted slug: "cleaning-service-software"
[PSEO DEBUG] table: profitable_niche_pages | raw params: { slug: 'construction-software' }
[PSEO DEBUG] extracted slug: "construction-software"
[PSEO DEBUG] table: should_i_build_pages | raw params: { slug: 'should-i-start-saas-company-2025' }
[PSEO DEBUG] extracted slug: "should-i-start-saas-company-2025"
[PSEO DEBUG] query slug: "linkedin-cold-outbound-automation-india" | result: FOUND (id: linkedin-cold-outbound-automation-india)
[PSEO DEBUG] query slug: "ai-resume-builder-job-seekers" | result: FOUND (id: ai-resume-builder-job-seekers)
[PSEO DEBUG] query slug: "construction-software" | result: FOUND (id: construction-software)
[PSEO DEBUG] query slug: "childcare-management-software" | result: FOUND (id: childcare-management-software)
[PSEO DEBUG] query slug: "auto-repair-software" | result: FOUND (id: auto-repair-software)
[PSEO DEBUG] query slug: "cleaning-service-software" | result: FOUND (id: cleaning-service-software)
[PSEO DEBUG] query slug: "car-wash-software" | result: FOUND (id: car-wash-software)
[PSEO DEBUG] query slug: "chiropractic-software" | result: FOUND (id: chiropractic-software)
[PSEO DEBUG] query slug: "ai-resume-screener-tech-hiring-india" | result: FOUND (id: ai-resume-screener-tech-hiring-india)
[PSEO DEBUG] query slug: "rto-predictive-analytics-shopify-india" | result: FOUND (id: rto-predictive-analytics-shopify-india)
[PSEO DEBUG] query slug: "whatsapp-marketing-automation-d2c-india" | result: FOUND (id: whatsapp-marketing-automation-d2c-india)
[PSEO DEBUG] query slug: "no-code-gst-filing-einvoicing-middleware" | result: FOUND (id: no-code-gst-filing-einvoicing-middleware)
[PSEO DEBUG] query slug: "no-code-boilerplate-kits-india" | result: FOUND (id: no-code-boilerplate-kits-india)
[PSEO DEBUG] query slug: "church-management-software" | result: FOUND (id: church-management-software)
[PSEO DEBUG] query slug: "cold-email-lead-generation-agency-tools" | result: FOUND (id: cold-email-lead-generation-agency-tools)
[PSEO DEBUG] query slug: "upi-b2b-payment-reconciliation-smb" | result: FOUND (id: upi-b2b-payment-reconciliation-smb)
[PSEO DEBUG] table: local_opportunity_pages | raw params: { slug: 'startup-opportunities-boise-idaho-2025' }
[PSEO DEBUG] extracted slug: "startup-opportunities-boise-idaho-2025"
[PSEO DEBUG] table: market_saturation_pages | raw params: { slug: 'how-competitive-is-restaurant-pos-market' }
[PSEO DEBUG] extracted slug: "how-competitive-is-restaurant-pos-market"
[PSEO DEBUG] table: local_opportunity_pages | raw params: { slug: 'startup-opportunities-spokane-washington-2025' }
[PSEO DEBUG] extracted slug: "startup-opportunities-spokane-washington-2025"
[PSEO DEBUG] table: local_opportunity_pages | raw params: { slug: 'startup-opportunities-eugene-oregon-2025' }
[PSEO DEBUG] extracted slug: "startup-opportunities-eugene-oregon-2025"
[PSEO DEBUG] table: market_saturation_pages | raw params: { slug: 'pricing-gap-opportunities-saas-2025' }
[PSEO DEBUG] extracted slug: "pricing-gap-opportunities-saas-2025"
[PSEO DEBUG] table: market_saturation_pages | raw params: { slug: 'least-competitive-software-niches-2025' }
[PSEO DEBUG] extracted slug: "least-competitive-software-niches-2025"
[PSEO DEBUG] table: market_saturation_pages | raw params: { slug: 'undersaturated-b2b-software-markets' }
[PSEO DEBUG] extracted slug: "undersaturated-b2b-software-markets"
[PSEO DEBUG] table: should_i_build_pages | raw params: { slug: 'is-my-startup-idea-worth-building' }
[PSEO DEBUG] extracted slug: "is-my-startup-idea-worth-building"
[PSEO DEBUG] query slug: "startup-opportunities-eugene-oregon-2025" | result: FOUND (id: startup-opportunities-eugene-oregon-2025)
[PSEO DEBUG] query slug: "startup-opportunities-spokane-washington-2025" | result: FOUND (id: startup-opportunities-spokane-washington-2025)
[PSEO DEBUG] query slug: "startup-opportunities-boise-idaho-2025" | result: FOUND (id: startup-opportunities-boise-idaho-2025)
[PSEO DEBUG] table: validation_guide_pages | raw params: { slug: 'startup-idea-validation-checklist' }
[PSEO DEBUG] extracted slug: "startup-idea-validation-checklist"
[PSEO DEBUG] table: validation_guide_pages | raw params: { slug: 'startup-validation-before-building' }
[PSEO DEBUG] extracted slug: "startup-validation-before-building"
[PSEO DEBUG] table: validation_guide_pages | raw params: { slug: 'signs-startup-idea-will-fail' }
[PSEO DEBUG] extracted slug: "signs-startup-idea-will-fail"
[PSEO DEBUG] table: validation_guide_pages | raw params: { slug: 'mom-test-startup-validation' }
[PSEO DEBUG] extracted slug: "mom-test-startup-validation"
[PSEO DEBUG] table: validation_guide_pages | raw params: { slug: 'startup-idea-red-flags' }
[PSEO DEBUG] extracted slug: "startup-idea-red-flags"
[PSEO DEBUG] table: india_validation_guide_pages | raw params: { slug: 'cooperative-bank-cyber-compliance' }
[PSEO DEBUG] extracted slug: "cooperative-bank-cyber-compliance"
[PSEO DEBUG] table: validation_guide_pages | raw params: { slug: 'saas-idea' }
[PSEO DEBUG] extracted slug: "saas-idea"
  Generating static pages using 7 workers (85/340) 
[PSEO DEBUG] table: validation_guide_pages | raw params: { slug: 'b2b-saas-idea' }
[PSEO DEBUG] extracted slug: "b2b-saas-idea"
[PSEO DEBUG] query slug: "should-i-start-saas-company-2025" | result: FOUND (id: should-i-start-saas-company-2025)
[PSEO DEBUG] table: profitable_niche_pages | raw params: { slug: 'dental-practice-software' }
[PSEO DEBUG] extracted slug: "dental-practice-software"
[PSEO DEBUG] table: profitable_niche_pages | raw params: { slug: 'electrician-software' }
[PSEO DEBUG] extracted slug: "electrician-software"
[PSEO DEBUG] table: profitable_niche_pages | raw params: { slug: 'food-truck-pos-software' }
[PSEO DEBUG] extracted slug: "food-truck-pos-software"
[PSEO DEBUG] table: profitable_niche_pages | raw params: { slug: 'freelance-contract-generator' }
[PSEO DEBUG] extracted slug: "freelance-contract-generator"
[PSEO DEBUG] query slug: "is-my-startup-idea-worth-building" | result: FOUND (id: is-my-startup-idea-worth-building)
[PSEO DEBUG] table: profitable_niche_pages | raw params: { slug: 'freelancer-invoicing-software' }
[PSEO DEBUG] extracted slug: "freelancer-invoicing-software"
[PSEO DEBUG] table: profitable_niche_pages | raw params: { slug: 'gym-management-software' }
[PSEO DEBUG] extracted slug: "gym-management-software"
[PSEO DEBUG] table: profitable_niche_pages | raw params: { slug: 'instagram-bio-link-tool' }
[PSEO DEBUG] extracted slug: "instagram-bio-link-tool"
[PSEO DEBUG] table: profitable_niche_pages | raw params: { slug: 'lawn-care-software' }
[PSEO DEBUG] extracted slug: "lawn-care-software"
[local_feasibility_pages] Hub fetch failed for India: Could not find the table 'public.local_feasibility_pages' in the 
schema cache
[local_feasibility_pages] Hub fetch failed for India: Could not find the table 'public.local_feasibility_pages' in the 
schema cache
[local_feasibility_pages] Hub fetch failed for India: Could not find the table 'public.local_feasibility_pages' in the 
schema cache
[local_feasibility_pages] Hub fetch failed for India: Could not find the table 'public.local_feasibility_pages' in the 
schema cache
[local_feasibility_pages] Hub fetch failed for India: Could not find the table 'public.local_feasibility_pages' in the 
schema cache
[local_feasibility_pages] Hub fetch failed for India: Could not find the table 'public.local_feasibility_pages' in the 
schema cache
[PSEO DEBUG] query slug: "least-competitive-software-niches-2025" | result: FOUND (id: least-competitive-software-niches-2025)
[PSEO DEBUG] query slug: "undersaturated-b2b-software-markets" | result: FOUND (id: undersaturated-b2b-software-markets)
[PSEO DEBUG] query slug: "mom-test-startup-validation" | result: FOUND (id: mom-test-startup-validation)
[PSEO DEBUG] query slug: "startup-idea-validation-checklist" | result: FOUND (id: startup-idea-validation-checklist)
[PSEO DEBUG] query slug: "startup-validation-before-building" | result: FOUND (id: startup-validation-before-building)
[PSEO DEBUG] query slug: "signs-startup-idea-will-fail" | result: FOUND (id: signs-startup-idea-will-fail)
[PSEO DEBUG] query slug: "saas-idea" | result: FOUND (id: saas-idea)
[PSEO DEBUG] query slug: "startup-idea-red-flags" | result: FOUND (id: startup-idea-red-flags)
[PSEO DEBUG] query slug: "how-competitive-is-restaurant-pos-market" | result: FOUND (id: how-competitive-is-restaurant-pos-market)
[PSEO DEBUG] query slug: "pricing-gap-opportunities-saas-2025" | result: FOUND (id: pricing-gap-opportunities-saas-2025)
[PSEO DEBUG] query slug: "freelance-contract-generator" | result: FOUND (id: freelance-contract-generator)
[PSEO DEBUG] query slug: "gym-management-software" | result: FOUND (id: gym-management-software)
[PSEO DEBUG] query slug: "dental-practice-software" | result: FOUND (id: dental-practice-software)
[PSEO DEBUG] query slug: "electrician-software" | result: FOUND (id: electrician-software)
[PSEO DEBUG] query slug: "food-truck-pos-software" | result: FOUND (id: food-truck-pos-software)
[PSEO DEBUG] query slug: "freelancer-invoicing-software" | result: FOUND (id: freelancer-invoicing-software)
[PSEO DEBUG] query slug: "instagram-bio-link-tool" | result: FOUND (id: instagram-bio-link-tool)
[PSEO DEBUG] query slug: "cooperative-bank-cyber-compliance" | result: FOUND (id: cooperative-bank-cyber-compliance)
[PSEO DEBUG] table: should_i_build_pages | raw params: { slug: 'when-to-kill-a-startup-idea' }
[PSEO DEBUG] extracted slug: "when-to-kill-a-startup-idea"
[PSEO DEBUG] table: should_i_build_pages | raw params: { slug: 'crm-for-freelancers' }
[PSEO DEBUG] extracted slug: "crm-for-freelancers"
[PSEO DEBUG] table: should_i_build_pages | raw params: { slug: 'scheduling-app-salons' }
[PSEO DEBUG] extracted slug: "scheduling-app-salons"
[PSEO DEBUG] table: should_i_build_pages | raw params: { slug: 'restaurant-ordering-software' }
[PSEO DEBUG] extracted slug: "restaurant-ordering-software"
[PSEO DEBUG] table: should_i_build_pages | raw params: { slug: 'ai-invoicing-tool' }
[PSEO DEBUG] extracted slug: "ai-invoicing-tool"
[PSEO DEBUG] table: should_i_build_pages | raw params: { slug: 'fitness-tracking-app' }
[PSEO DEBUG] extracted slug: "fitness-tracking-app"
[PSEO DEBUG] table: should_i_build_pages | raw params: { slug: 'property-management-tool' }
[PSEO DEBUG] extracted slug: "property-management-tool"
[PSEO DEBUG] table: should_i_build_pages | raw params: { slug: 'legal-practice-software' }
[PSEO DEBUG] extracted slug: "legal-practice-software"
[PSEO DEBUG] query slug: "lawn-care-software" | result: FOUND (id: lawn-care-software)
[PSEO DEBUG] table: market_saturation_pages | raw params: { slug: 'software-markets-with-pricing-gaps' }
[PSEO DEBUG] extracted slug: "software-markets-with-pricing-gaps"
[PSEO DEBUG] table: market_saturation_pages | raw params: { slug: 'white-space-in-saas-market-2025' }
[PSEO DEBUG] extracted slug: "white-space-in-saas-market-2025"
[PSEO DEBUG] table: market_saturation_pages | raw params: { slug: 'untapped-saas-opportunities-2025' }
[PSEO DEBUG] extracted slug: "untapped-saas-opportunities-2025"
[PSEO DEBUG] table: market_saturation_pages | raw params: { slug: 'niche-software-markets-worth-entering' }
[PSEO DEBUG] extracted slug: "niche-software-markets-worth-entering"
[PSEO DEBUG] table: market_saturation_pages | raw params: { slug: 'overlooked-software-niches-indie-founders' }
[PSEO DEBUG] extracted slug: "overlooked-software-niches-indie-founders"
[PSEO DEBUG] table: market_saturation_pages | raw params: { slug: 'fragmented-software-markets-opportunity' }
[PSEO DEBUG] extracted slug: "fragmented-software-markets-opportunity"
[PSEO DEBUG] table: market_saturation_pages | raw params: { slug: 'oversaturated-software-markets-avoid' }
[PSEO DEBUG] extracted slug: "oversaturated-software-markets-avoid"
[PSEO DEBUG] table: market_saturation_pages | raw params: { slug: 'project-management-market' }
[PSEO DEBUG] extracted slug: "project-management-market"
[PSEO DEBUG] query slug: "crm-for-freelancers" | result: FOUND (id: crm-for-freelancers)
[PSEO DEBUG] query slug: "when-to-kill-a-startup-idea" | result: FOUND (id: when-to-kill-a-startup-idea)
[PSEO DEBUG] table: india_market_saturation_pages | raw params: { slug: 'multi-channel-inventory-sync-ecommerce' }
[PSEO DEBUG] extracted slug: "multi-channel-inventory-sync-ecommerce"
[PSEO DEBUG] query slug: "b2b-saas-idea" | result: FOUND (id: b2b-saas-idea)
[PSEO DEBUG] table: india_market_saturation_pages | raw params: { slug: 'msme-mobile-gst-billing-pos-apps' }
[PSEO DEBUG] extracted slug: "msme-mobile-gst-billing-pos-apps"
[PSEO DEBUG] table: india_market_saturation_pages | raw params: { slug: 'micro-merchant-bookkeeping-saas-saturation' }
[PSEO DEBUG] extracted slug: "micro-merchant-bookkeeping-saas-saturation"
[PSEO DEBUG] table: india_market_saturation_pages | raw params: { slug: 'smb-workforce-payroll-attendance-saas' }
[PSEO DEBUG] extracted slug: "smb-workforce-payroll-attendance-saas"
[PSEO DEBUG] table: india_market_saturation_pages | raw params: { slug: 'ai-vernacular-seo-content-generators' }
[PSEO DEBUG] extracted slug: "ai-vernacular-seo-content-generators"
[PSEO DEBUG] table: india_market_saturation_pages | raw params: { slug: 'white-label-edtech-coaching-lms-india' }
[PSEO DEBUG] extracted slug: "white-label-edtech-coaching-lms-india"
[PSEO DEBUG] table: india_market_saturation_pages | raw params: { slug: 'ai-ecommerce-cataloging-apparel-hub-wrappers' }
[PSEO DEBUG] extracted slug: "ai-ecommerce-cataloging-apparel-hub-wrappers"
[PSEO DEBUG] table: india_market_saturation_pages | raw params: { slug: 'ondc-merchant-seller-infrastructure-middleware' }
[PSEO DEBUG] extracted slug: "ondc-merchant-seller-infrastructure-middleware"
[PSEO DEBUG] query slug: "software-markets-with-pricing-gaps" | result: FOUND (id: software-markets-with-pricing-gaps)
[PSEO DEBUG] query slug: "untapped-saas-opportunities-2025" | result: FOUND (id: untapped-saas-opportunities-2025)
[PSEO DEBUG] query slug: "white-space-in-saas-market-2025" | result: FOUND (id: white-space-in-saas-market-2025)
[PSEO DEBUG] query slug: "niche-software-markets-worth-entering" | result: FOUND (id: niche-software-markets-worth-entering)
[PSEO DEBUG] table: profitable_niche_pages | raw params: { slug: 'linkedin-lead-gen-scraper' }
[PSEO DEBUG] extracted slug: "linkedin-lead-gen-scraper"
[PSEO DEBUG] query slug: "legal-practice-software" | result: FOUND (id: legal-practice-software)
[PSEO DEBUG] query slug: "restaurant-ordering-software" | result: FOUND (id: restaurant-ordering-software)
[PSEO DEBUG] query slug: "scheduling-app-salons" | result: FOUND (id: scheduling-app-salons)
[PSEO DEBUG] table: profitable_niche_pages | raw params: { slug: 'massage-therapy-software' }
[PSEO DEBUG] extracted slug: "massage-therapy-software"
[PSEO DEBUG] table: profitable_niche_pages | raw params: { slug: 'micro-learning-platform-2025' }
[PSEO DEBUG] extracted slug: "micro-learning-platform-2025"
[PSEO DEBUG] table: profitable_niche_pages | raw params: { slug: 'music-school-software' }
[PSEO DEBUG] extracted slug: "music-school-software"
[PSEO DEBUG] table: profitable_niche_pages | raw params: { slug: 'notion-template-marketplace-2025' }
[PSEO DEBUG] extracted slug: "notion-template-marketplace-2025"
[PSEO DEBUG] table: profitable_niche_pages | raw params: { slug: 'passive-income-tracking-app' }
[PSEO DEBUG] extracted slug: "passive-income-tracking-app"
[PSEO DEBUG] table: profitable_niche_pages | raw params: { slug: 'personal-trainer-software' }
[PSEO DEBUG] extracted slug: "personal-trainer-software"
[PSEO DEBUG] table: profitable_niche_pages | raw params: { slug: 'pet-grooming-software' }
[PSEO DEBUG] extracted slug: "pet-grooming-software"
[PSEO DEBUG] query slug: "music-school-software" | result: FOUND (id: music-school-software)
[PSEO DEBUG] query slug: "linkedin-lead-gen-scraper" | result: FOUND (id: linkedin-lead-gen-scraper)
[PSEO DEBUG] query slug: "micro-learning-platform-2025" | result: FOUND (id: micro-learning-platform-2025)
[PSEO DEBUG] query slug: "massage-therapy-software" | result: FOUND (id: massage-therapy-software)
[PSEO DEBUG] query slug: "passive-income-tracking-app" | result: FOUND (id: passive-income-tracking-app)
[PSEO DEBUG] query slug: "notion-template-marketplace-2025" | result: FOUND (id: notion-template-marketplace-2025)
[PSEO DEBUG] query slug: "pet-grooming-software" | result: FOUND (id: pet-grooming-software)
[PSEO DEBUG] query slug: "personal-trainer-software" | result: FOUND (id: personal-trainer-software)
[PSEO DEBUG] table: profitable_niche_pages | raw params: { slug: 'plumbing-software' }
[PSEO DEBUG] extracted slug: "plumbing-software"
[PSEO DEBUG] table: profitable_niche_pages | raw params: { slug: 'pharmacy-software' }
[PSEO DEBUG] extracted slug: "pharmacy-software"
[PSEO DEBUG] table: profitable_niche_pages | raw params: { slug: 'pool-service-software' }
[PSEO DEBUG] extracted slug: "pool-service-software"
[PSEO DEBUG] table: profitable_niche_pages | raw params: { slug: 'property-management-software' }
[PSEO DEBUG] extracted slug: "property-management-software"
[PSEO DEBUG] table: profitable_niche_pages | raw params: { slug: 'real-estate-crm' }
[PSEO DEBUG] extracted slug: "real-estate-crm"
[PSEO DEBUG] table: profitable_niche_pages | raw params: { slug: 'restaurant-reservation-software' }
[PSEO DEBUG] extracted slug: "restaurant-reservation-software"
[PSEO DEBUG] table: profitable_niche_pages | raw params: { slug: 'salon-booking-software' }
[PSEO DEBUG] extracted slug: "salon-booking-software"
[PSEO DEBUG] table: profitable_niche_pages | raw params: { slug: 'saas-pricing-page-optimizer' }
[PSEO DEBUG] extracted slug: "saas-pricing-page-optimizer"
[PSEO DEBUG] query slug: "plumbing-software" | result: FOUND (id: plumbing-software)
[PSEO DEBUG] query slug: "restaurant-reservation-software" | result: FOUND (id: restaurant-reservation-software)
[PSEO DEBUG] query slug: "pool-service-software" | result: FOUND (id: pool-service-software)
[PSEO DEBUG] query slug: "pharmacy-software" | result: FOUND (id: pharmacy-software)
[PSEO DEBUG] query slug: "property-management-software" | result: FOUND (id: property-management-software)
[PSEO DEBUG] query slug: "salon-booking-software" | result: FOUND (id: salon-booking-software)
[PSEO DEBUG] query slug: "real-estate-crm" | result: FOUND (id: real-estate-crm)
[PSEO DEBUG] query slug: "saas-pricing-page-optimizer" | result: FOUND (id: saas-pricing-page-optimizer)
[PSEO DEBUG] table: profitable_niche_pages | raw params: { slug: 'shopify-review-automation-app' }
[PSEO DEBUG] extracted slug: "shopify-review-automation-app"
[PSEO DEBUG] table: profitable_niche_pages | raw params: { slug: 'short-term-rental-software' }
[PSEO DEBUG] extracted slug: "short-term-rental-software"
[PSEO DEBUG] table: profitable_niche_pages | raw params: { slug: 'tattoo-shop-software' }
[PSEO DEBUG] extracted slug: "tattoo-shop-software"
[PSEO DEBUG] table: profitable_niche_pages | raw params: { slug: 'truck-dispatch-software' }
[PSEO DEBUG] extracted slug: "truck-dispatch-software"
[PSEO DEBUG] table: profitable_niche_pages | raw params: { slug: 'tutoring-platform' }
[PSEO DEBUG] extracted slug: "tutoring-platform"
[PSEO DEBUG] table: profitable_niche_pages | raw params: { slug: 'tiktok-analytics-tool-creators' }
[PSEO DEBUG] extracted slug: "tiktok-analytics-tool-creators"
[PSEO DEBUG] table: profitable_niche_pages | raw params: { slug: 'wedding-planning-software' }
[PSEO DEBUG] extracted slug: "wedding-planning-software"
[PSEO DEBUG] table: profitable_niche_pages | raw params: { slug: 'yoga-studio-software' }
[PSEO DEBUG] extracted slug: "yoga-studio-software"
[PSEO DEBUG] query slug: "short-term-rental-software" | result: FOUND (id: short-term-rental-software)
[PSEO DEBUG] query slug: "tiktok-analytics-tool-creators" | result: FOUND (id: tiktok-analytics-tool-creators)
[PSEO DEBUG] query slug: "shopify-review-automation-app" | result: FOUND (id: shopify-review-automation-app)
[PSEO DEBUG] query slug: "truck-dispatch-software" | result: FOUND (id: truck-dispatch-software)
[PSEO DEBUG] query slug: "tattoo-shop-software" | result: FOUND (id: tattoo-shop-software)
[PSEO DEBUG] query slug: "wedding-planning-software" | result: FOUND (id: wedding-planning-software)
[PSEO DEBUG] query slug: "tutoring-platform" | result: FOUND (id: tutoring-platform)
[PSEO DEBUG] query slug: "yoga-studio-software" | result: FOUND (id: yoga-studio-software)
[PSEO DEBUG] query slug: "multi-channel-inventory-sync-ecommerce" | result: FOUND (id: multi-channel-inventory-sync-ecommerce)
[PSEO DEBUG] query slug: "white-label-edtech-coaching-lms-india" | result: FOUND (id: white-label-edtech-coaching-lms-india)
[PSEO DEBUG] query slug: "ai-vernacular-seo-content-generators" | result: FOUND (id: ai-vernacular-seo-content-generators)
[PSEO DEBUG] query slug: "micro-merchant-bookkeeping-saas-saturation" | result: FOUND (id: micro-merchant-bookkeeping-saas-saturation)
[PSEO DEBUG] query slug: "smb-workforce-payroll-attendance-saas" | result: FOUND (id: smb-workforce-payroll-attendance-saas)
[PSEO DEBUG] query slug: "msme-mobile-gst-billing-pos-apps" | result: FOUND (id: msme-mobile-gst-billing-pos-apps)
[PSEO DEBUG] query slug: "ai-ecommerce-cataloging-apparel-hub-wrappers" | result: FOUND (id: ai-ecommerce-cataloging-apparel-hub-wrappers)
[PSEO DEBUG] query slug: "ondc-merchant-seller-infrastructure-middleware" | result: FOUND (id: ondc-merchant-seller-infrastructure-middleware)
[PSEO DEBUG] table: india_profitable_niche_pages | raw params: { slug: 'quick-commerce-dark-store-wms' }
[PSEO DEBUG] extracted slug: "quick-commerce-dark-store-wms"
[PSEO DEBUG] table: india_profitable_niche_pages | raw params: { slug: 'customs-exim-documentation-automation' }
[PSEO DEBUG] extracted slug: "customs-exim-documentation-automation"
[PSEO DEBUG] table: india_profitable_niche_pages | raw params: { slug: 'ondc-buyer-app-infrastructure' }
[PSEO DEBUG] extracted slug: "ondc-buyer-app-infrastructure"
[PSEO DEBUG] table: india_profitable_niche_pages | raw params: { slug: 'blue-collar-workforce-payroll-compliance' }
[PSEO DEBUG] extracted slug: "blue-collar-workforce-payroll-compliance"
[PSEO DEBUG] table: india_profitable_niche_pages | raw params: { slug: 'dpdp-compliance-saas-msme' }
[PSEO DEBUG] extracted slug: "dpdp-compliance-saas-msme"
[PSEO DEBUG] table: india_profitable_niche_pages | raw params: { slug: 'brsr-core-esg-supply-chain' }
[PSEO DEBUG] extracted slug: "brsr-core-esg-supply-chain"
[PSEO DEBUG] query slug: "customs-exim-documentation-automation" | result: FOUND (id: customs-exim-documentation-automation)
[PSEO DEBUG] query slug: "dpdp-compliance-saas-msme" | result: FOUND (id: dpdp-compliance-saas-msme)
[PSEO DEBUG] query slug: "blue-collar-workforce-payroll-compliance" | result: FOUND (id: blue-collar-workforce-payroll-compliance)
[PSEO DEBUG] query slug: "ondc-buyer-app-infrastructure" | result: FOUND (id: ondc-buyer-app-infrastructure)
[PSEO DEBUG] query slug: "quick-commerce-dark-store-wms" | result: FOUND (id: quick-commerce-dark-store-wms)
[PSEO DEBUG] query slug: "brsr-core-esg-supply-chain" | result: FOUND (id: brsr-core-esg-supply-chain)
[PSEO DEBUG] table: india_profitable_niche_pages | raw params: { slug: 'ayushman-bharat-digital-mission-abdm-emr' }
[PSEO DEBUG] extracted slug: "ayushman-bharat-digital-mission-abdm-emr"
[PSEO DEBUG] table: india_profitable_niche_pages | raw params: { slug: 'd2c-rto-predictive-address-verification' }
[PSEO DEBUG] extracted slug: "d2c-rto-predictive-address-verification"
[PSEO DEBUG] table: india_profitable_niche_pages | raw params: { slug: 'aerb-diagnostic-imaging-compliance' }
[PSEO DEBUG] extracted slug: "aerb-diagnostic-imaging-compliance"
[PSEO DEBUG] table: india_profitable_niche_pages | raw params: { slug: 'pharma-cdsco-traceability-saas' }
[PSEO DEBUG] extracted slug: "pharma-cdsco-traceability-saas"
[PSEO DEBUG] table: india_saas_ideas_vertical_pages | raw params: { slug: 'quick-commerce-dark-store-operations' }
[PSEO DEBUG] extracted slug: "quick-commerce-dark-store-operations"
[PSEO DEBUG] table: india_saas_ideas_vertical_pages | raw params: { slug: 'e-way-bill-gst-logistics-compliance' }
[PSEO DEBUG] extracted slug: "e-way-bill-gst-logistics-compliance"
[PSEO DEBUG] table: india_saas_ideas_vertical_pages | raw params: { slug: 'msme-manufacturing-procurement-tally' }
[PSEO DEBUG] extracted slug: "msme-manufacturing-procurement-tally"
[PSEO DEBUG] query slug: "ayushman-bharat-digital-mission-abdm-emr" | result: FOUND (id: ayushman-bharat-digital-mission-abdm-emr)
[PSEO DEBUG] query slug: "pharma-cdsco-traceability-saas" | result: FOUND (id: pharma-cdsco-traceability-saas)
[PSEO DEBUG] query slug: "aerb-diagnostic-imaging-compliance" | result: FOUND (id: aerb-diagnostic-imaging-compliance)
[PSEO DEBUG] query slug: "d2c-rto-predictive-address-verification" | result: FOUND (id: d2c-rto-predictive-address-verification)
[PSEO DEBUG] query slug: "quick-commerce-dark-store-operations" | result: FOUND (id: quick-commerce-dark-store-operations)
[PSEO DEBUG] query slug: "msme-manufacturing-procurement-tally" | result: FOUND (id: msme-manufacturing-procurement-tally)
[PSEO DEBUG] query slug: "e-way-bill-gst-logistics-compliance" | result: FOUND (id: e-way-bill-gst-logistics-compliance)
[PSEO DEBUG] table: india_saas_ideas_vertical_pages | raw params: { slug: 'blue-collar-gig-workforce-compliance' }
[PSEO DEBUG] extracted slug: "blue-collar-gig-workforce-compliance"
[PSEO DEBUG] table: india_saas_ideas_vertical_pages | raw params: { slug: 'ayurveda-wellness-clinic-emr' }
[PSEO DEBUG] extracted slug: "ayurveda-wellness-clinic-emr"
[PSEO DEBUG] table: india_saas_ideas_vertical_pages | raw params: { slug: 'real-estate-rera-compliance-tracker' }
[PSEO DEBUG] extracted slug: "real-estate-rera-compliance-tracker"
[PSEO DEBUG] table: india_saas_ideas_vertical_pages | raw params: { slug: 'customs-freight-forwarding-ocr' }
[PSEO DEBUG] extracted slug: "customs-freight-forwarding-ocr"
[PSEO DEBUG] table: india_saas_ideas_vertical_pages | raw params: { slug: 'pharma-manufacturing-batch-compliance' }
[PSEO DEBUG] extracted slug: "pharma-manufacturing-batch-compliance"
[PSEO DEBUG] table: india_saas_ideas_vertical_pages | raw params: { slug: 'textile-export-merchandising-workflow' }
[PSEO DEBUG] extracted slug: "textile-export-merchandising-workflow"
[PSEO DEBUG] table: india_saas_ideas_vertical_pages | raw params: { slug: 'co-working-space-enterprise-billing' }
[PSEO DEBUG] extracted slug: "co-working-space-enterprise-billing"
[PSEO DEBUG] query slug: "blue-collar-gig-workforce-compliance" | result: FOUND (id: blue-collar-gig-workforce-compliance)
[PSEO DEBUG] query slug: "ayurveda-wellness-clinic-emr" | result: FOUND (id: ayurveda-wellness-clinic-emr)
[PSEO DEBUG] query slug: "textile-export-merchandising-workflow" | result: FOUND (id: textile-export-merchandising-workflow)
[PSEO DEBUG] query slug: "co-working-space-enterprise-billing" | result: FOUND (id: co-working-space-enterprise-billing)
[PSEO DEBUG] query slug: "real-estate-rera-compliance-tracker" | result: FOUND (id: real-estate-rera-compliance-tracker)
[PSEO DEBUG] query slug: "pharma-manufacturing-batch-compliance" | result: FOUND (id: pharma-manufacturing-batch-compliance)
[PSEO DEBUG] query slug: "customs-freight-forwarding-ocr" | result: FOUND (id: customs-freight-forwarding-ocr)
[PSEO DEBUG] table: india_validation_guide_pages | raw params: { slug: 'b2b-saas-indian-smes' }
[PSEO DEBUG] extracted slug: "b2b-saas-indian-smes"
[PSEO DEBUG] query slug: "b2b-saas-indian-smes" | result: FOUND (id: b2b-saas-indian-smes)
[PSEO DEBUG] query slug: "overlooked-software-niches-indie-founders" | result: FOUND (id: overlooked-software-niches-indie-founders)
[PSEO DEBUG] query slug: "fragmented-software-markets-opportunity" | result: FOUND (id: fragmented-software-markets-opportunity)
[PSEO DEBUG] query slug: "oversaturated-software-markets-avoid" | result: FOUND (id: oversaturated-software-markets-avoid)
[PSEO DEBUG] query slug: "project-management-market" | result: FOUND (id: project-management-market)
[PSEO DEBUG] table: market_saturation_pages | raw params: { slug: 'there-room-for-another-invoicing-app' }
[PSEO DEBUG] extracted slug: "there-room-for-another-invoicing-app"
[PSEO DEBUG] table: market_saturation_pages | raw params: { slug: 'email-marketing-tool-market-saturated' }
[PSEO DEBUG] extracted slug: "email-marketing-tool-market-saturated"
[PSEO DEBUG] table: market_saturation_pages | raw params: { slug: 'ai-writing-tool-market-indie-2025' }
[PSEO DEBUG] extracted slug: "ai-writing-tool-market-indie-2025"
[PSEO DEBUG] table: market_saturation_pages | raw params: { slug: 'habit-tracking-app-market-saturated-2025' }
[PSEO DEBUG] extracted slug: "habit-tracking-app-market-saturated-2025"
[PSEO DEBUG] table: market_saturation_pages | raw params: { slug: 'crm-software-market' }
[PSEO DEBUG] extracted slug: "crm-software-market"
[PSEO DEBUG] table: market_saturation_pages | raw params: { slug: 'crm-market-freelancers-2025' }
[PSEO DEBUG] extracted slug: "crm-market-freelancers-2025"
[PSEO DEBUG] table: market_saturation_pages | raw params: { slug: 'invoice-app-market-contractors' }
[PSEO DEBUG] extracted slug: "invoice-app-market-contractors"
[PSEO DEBUG] table: market_saturation_pages | raw params: { slug: 'social-media-scheduler-market-saturated' }
[PSEO DEBUG] extracted slug: "social-media-scheduler-market-saturated"
[PSEO DEBUG] query slug: "email-marketing-tool-market-saturated" | result: FOUND (id: email-marketing-tool-market-saturated)
[PSEO DEBUG] query slug: "there-room-for-another-invoicing-app" | result: FOUND (id: there-room-for-another-invoicing-app)
[PSEO DEBUG] query slug: "crm-software-market" | result: FOUND (id: crm-software-market)
[PSEO DEBUG] query slug: "crm-market-freelancers-2025" | result: FOUND (id: crm-market-freelancers-2025)
[PSEO DEBUG] query slug: "habit-tracking-app-market-saturated-2025" | result: FOUND (id: habit-tracking-app-market-saturated-2025)
[PSEO DEBUG] query slug: "invoice-app-market-contractors" | result: FOUND (id: invoice-app-market-contractors)
[PSEO DEBUG] query slug: "ai-writing-tool-market-indie-2025" | result: FOUND (id: ai-writing-tool-market-indie-2025)
[PSEO DEBUG] query slug: "social-media-scheduler-market-saturated" | result: FOUND (id: social-media-scheduler-market-saturated)
[PSEO DEBUG] table: market_saturation_pages | raw params: { slug: 'podcast-analytics-tool-market-crowded' }
[PSEO DEBUG] extracted slug: "podcast-analytics-tool-market-crowded"
[PSEO DEBUG] table: market_saturation_pages | raw params: { slug: 'linkedin-scraper-tool-market-saturated' }
[PSEO DEBUG] extracted slug: "linkedin-scraper-tool-market-saturated"
[PSEO DEBUG] table: market_saturation_pages | raw params: { slug: 'meal-planning-app-market-crowded-2025' }
[PSEO DEBUG] extracted slug: "meal-planning-app-market-crowded-2025"
[PSEO DEBUG] table: market_saturation_pages | raw params: { slug: 'resume-builder-ai-market-saturated' }
[PSEO DEBUG] extracted slug: "resume-builder-ai-market-saturated"
[PSEO DEBUG] table: market_saturation_pages | raw params: { slug: 'notion-template-market-crowded-2025' }
[PSEO DEBUG] extracted slug: "notion-template-market-crowded-2025"
[PSEO DEBUG] table: market_saturation_pages | raw params: { slug: 'cold-email-writer-ai-market-saturated' }
[PSEO DEBUG] extracted slug: "cold-email-writer-ai-market-saturated"
[PSEO DEBUG] table: market_saturation_pages | raw params: { slug: 'chatbot-wordpress-market-crowded' }
[PSEO DEBUG] extracted slug: "chatbot-wordpress-market-crowded"
[PSEO DEBUG] table: market_saturation_pages | raw params: { slug: 'video-editor-ai-market-youtube' }
[PSEO DEBUG] extracted slug: "video-editor-ai-market-youtube"
[PSEO DEBUG] query slug: "linkedin-scraper-tool-market-saturated" | result: FOUND (id: linkedin-scraper-tool-market-saturated)
[PSEO DEBUG] query slug: "notion-template-market-crowded-2025" | result: FOUND (id: notion-template-market-crowded-2025)
[PSEO DEBUG] query slug: "podcast-analytics-tool-market-crowded" | result: FOUND (id: podcast-analytics-tool-market-crowded)
[PSEO DEBUG] query slug: "resume-builder-ai-market-saturated" | result: FOUND (id: resume-builder-ai-market-saturated)
[PSEO DEBUG] query slug: "cold-email-writer-ai-market-saturated" | result: FOUND (id: cold-email-writer-ai-market-saturated)
[PSEO DEBUG] query slug: "meal-planning-app-market-crowded-2025" | result: FOUND (id: meal-planning-app-market-crowded-2025)
[PSEO DEBUG] query slug: "chatbot-wordpress-market-crowded" | result: FOUND (id: chatbot-wordpress-market-crowded)
[PSEO DEBUG] query slug: "video-editor-ai-market-youtube" | result: FOUND (id: video-editor-ai-market-youtube)
[PSEO DEBUG] table: market_saturation_pages | raw params: { slug: 'time-tracker-freelance-market-saturated' }
[PSEO DEBUG] extracted slug: "time-tracker-freelance-market-saturated"
[PSEO DEBUG] query slug: "time-tracker-freelance-market-saturated" | result: FOUND (id: time-tracker-freelance-market-saturated)
[PSEO DEBUG] table: local_opportunity_pages | raw params: { slug: 'austin-texas-2025' }
[PSEO DEBUG] extracted slug: "austin-texas-2025"
[PSEO DEBUG] table: local_opportunity_pages | raw params: { slug: 'miami-2025' }
[PSEO DEBUG] extracted slug: "miami-2025"
[PSEO DEBUG] table: local_opportunity_pages | raw params: { slug: 'denver-2025' }
[PSEO DEBUG] extracted slug: "denver-2025"
[PSEO DEBUG] table: local_opportunity_pages | raw params: { slug: 'nashville-2025' }
[PSEO DEBUG] extracted slug: "nashville-2025"
[PSEO DEBUG] table: local_opportunity_pages | raw params: { slug: 'phoenix-2025' }
[PSEO DEBUG] extracted slug: "phoenix-2025"
[PSEO DEBUG] table: local_opportunity_pages | raw params: { slug: 'atlanta-2025' }
[PSEO DEBUG] extracted slug: "atlanta-2025"
[PSEO DEBUG] query slug: "austin-texas-2025" | result: FOUND (id: austin-texas-2025)
[PSEO DEBUG] query slug: "miami-2025" | result: FOUND (id: miami-2025)
[PSEO DEBUG] query slug: "nashville-2025" | result: FOUND (id: nashville-2025)
[PSEO DEBUG] query slug: "denver-2025" | result: FOUND (id: denver-2025)
[PSEO DEBUG] query slug: "atlanta-2025" | result: FOUND (id: atlanta-2025)
[PSEO DEBUG] query slug: "phoenix-2025" | result: FOUND (id: phoenix-2025)
[PSEO DEBUG] table: local_opportunity_pages | raw params: { slug: 'charlotte-2025' }
[PSEO DEBUG] extracted slug: "charlotte-2025"
[PSEO DEBUG] table: local_opportunity_pages | raw params: { slug: 'toronto-2025' }
[PSEO DEBUG] extracted slug: "toronto-2025"
[PSEO DEBUG] table: local_opportunity_pages | raw params: { slug: 'london-2025' }
[PSEO DEBUG] extracted slug: "london-2025"
[PSEO DEBUG] table: local_opportunity_pages | raw params: { slug: 'startup-opportunities-raleigh-durham-2025' }
[PSEO DEBUG] extracted slug: "startup-opportunities-raleigh-durham-2025"
[PSEO DEBUG] table: local_opportunity_pages | raw params: { slug: 'sydney-2025' }
[PSEO DEBUG] extracted slug: "sydney-2025"
[PSEO DEBUG] table: local_opportunity_pages | raw params: { slug: 'startup-opportunities-cincinnati-2025' }
[PSEO DEBUG] extracted slug: "startup-opportunities-cincinnati-2025"
[PSEO DEBUG] table: local_opportunity_pages | raw params: { slug: 'startup-opportunities-kansas-city-2025' }
[PSEO DEBUG] extracted slug: "startup-opportunities-kansas-city-2025"
[PSEO DEBUG] table: local_opportunity_pages | raw params: { slug: 'startup-opportunities-milwaukee-2025' }
[PSEO DEBUG] extracted slug: "startup-opportunities-milwaukee-2025"
[PSEO DEBUG] query slug: "charlotte-2025" | result: FOUND (id: charlotte-2025)
[PSEO DEBUG] query slug: "toronto-2025" | result: FOUND (id: toronto-2025)
[PSEO DEBUG] query slug: "london-2025" | result: FOUND (id: london-2025)
[PSEO DEBUG] query slug: "startup-opportunities-raleigh-durham-2025" | result: FOUND (id: startup-opportunities-raleigh-durham-2025)
[PSEO DEBUG] query slug: "sydney-2025" | result: FOUND (id: sydney-2025)
[PSEO DEBUG] query slug: "startup-opportunities-cincinnati-2025" | result: FOUND (id: startup-opportunities-cincinnati-2025)
[PSEO DEBUG] query slug: "startup-opportunities-kansas-city-2025" | result: FOUND (id: startup-opportunities-kansas-city-2025)
[PSEO DEBUG] query slug: "startup-opportunities-milwaukee-2025" | result: FOUND (id: startup-opportunities-milwaukee-2025)
[PSEO DEBUG] table: local_opportunity_pages | raw params: { slug: 'startup-opportunities-columbus-ohio-2025' }
[PSEO DEBUG] extracted slug: "startup-opportunities-columbus-ohio-2025"
[PSEO DEBUG] table: local_opportunity_pages | raw params: { slug: 'startup-opportunities-indianapolis-2025' }
[PSEO DEBUG] extracted slug: "startup-opportunities-indianapolis-2025"
[PSEO DEBUG] table: local_opportunity_pages | raw params: { slug: 'startup-opportunities-oklahoma-city-2025' }
[PSEO DEBUG] extracted slug: "startup-opportunities-oklahoma-city-2025"
[PSEO DEBUG] table: local_opportunity_pages | raw params: { slug: 'startup-opportunities-louisville-2025' }
[PSEO DEBUG] extracted slug: "startup-opportunities-louisville-2025"
[PSEO DEBUG] table: local_opportunity_pages | raw params: { slug: 'startup-opportunities-birmingham-alabama-2025' }
[PSEO DEBUG] extracted slug: "startup-opportunities-birmingham-alabama-2025"
[PSEO DEBUG] table: local_opportunity_pages | raw params: { slug: 'startup-opportunities-grand-rapids-2025' }
[PSEO DEBUG] extracted slug: "startup-opportunities-grand-rapids-2025"
[PSEO DEBUG] table: local_opportunity_pages | raw params: { slug: 'startup-opportunities-jaipur-rajasthan-2025' }
[PSEO DEBUG] extracted slug: "startup-opportunities-jaipur-rajasthan-2025"
[PSEO DEBUG] table: local_opportunity_pages | raw params: { slug: 'startup-opportunities-indore-madhya-pradesh-2025' }
[PSEO DEBUG] extracted slug: "startup-opportunities-indore-madhya-pradesh-2025"
[PSEO DEBUG] query slug: "startup-opportunities-columbus-ohio-2025" | result: FOUND (id: startup-opportunities-columbus-ohio-2025)
[PSEO DEBUG] query slug: "startup-opportunities-indianapolis-2025" | result: FOUND (id: startup-opportunities-indianapolis-2025)
[PSEO DEBUG] query slug: "startup-opportunities-louisville-2025" | result: FOUND (id: startup-opportunities-louisville-2025)
[PSEO DEBUG] query slug: "startup-opportunities-oklahoma-city-2025" | result: FOUND (id: startup-opportunities-oklahoma-city-2025)
[PSEO DEBUG] query slug: "startup-opportunities-birmingham-alabama-2025" | result: FOUND (id: startup-opportunities-birmingham-alabama-2025)
[PSEO DEBUG] query slug: "startup-opportunities-jaipur-rajasthan-2025" | result: FOUND (id: startup-opportunities-jaipur-rajasthan-2025)
[PSEO DEBUG] query slug: "startup-opportunities-grand-rapids-2025" | result: FOUND (id: startup-opportunities-grand-rapids-2025)
[PSEO DEBUG] query slug: "startup-opportunities-indore-madhya-pradesh-2025" | result: FOUND (id: startup-opportunities-indore-madhya-pradesh-2025)
[PSEO DEBUG] table: local_opportunity_pages | raw params: { slug: 'startup-opportunities-lucknow-uttar-pradesh-2025' }
[PSEO DEBUG] extracted slug: "startup-opportunities-lucknow-uttar-pradesh-2025"
[PSEO DEBUG] table: local_opportunity_pages | raw params: { slug: 'startup-opportunities-coimbatore-tamil-nadu-2025' }
[PSEO DEBUG] extracted slug: "startup-opportunities-coimbatore-tamil-nadu-2025"
[PSEO DEBUG] table: local_opportunity_pages | raw params: { slug: 'startup-opportunities-kochi-kerala-2025' }
[PSEO DEBUG] extracted slug: "startup-opportunities-kochi-kerala-2025"
[PSEO DEBUG] table: local_opportunity_pages | raw params: { slug: 'startup-opportunities-kolhapur-maharashtra-2025' }
[PSEO DEBUG] extracted slug: "startup-opportunities-kolhapur-maharashtra-2025"
[PSEO DEBUG] table: local_opportunity_pages | raw params: { slug: 'startup-opportunities-kolhapur-agriculture-saas-2025' }
[PSEO DEBUG] extracted slug: "startup-opportunities-kolhapur-agriculture-saas-2025"
[PSEO DEBUG] table: local_opportunity_pages | raw params: { slug: 'startup-opportunities-kolhapur-healthcare-tech-2025' }
[PSEO DEBUG] extracted slug: "startup-opportunities-kolhapur-healthcare-tech-2025"
[PSEO DEBUG] table: local_opportunity_pages | raw params: { slug: 'startup-opportunities-kolhapur-security-drones-2025' }
[PSEO DEBUG] extracted slug: "startup-opportunities-kolhapur-security-drones-2025"
[PSEO DEBUG] table: local_opportunity_pages | raw params: { slug: 'startup-opportunities-chattanooga-tennessee-2025' }
[PSEO DEBUG] extracted slug: "startup-opportunities-chattanooga-tennessee-2025"
[PSEO DEBUG] query slug: "startup-opportunities-lucknow-uttar-pradesh-2025" | result: FOUND (id: startup-opportunities-lucknow-uttar-pradesh-2025)
[PSEO DEBUG] query slug: "startup-opportunities-coimbatore-tamil-nadu-2025" | result: FOUND (id: startup-opportunities-coimbatore-tamil-nadu-2025)
[PSEO DEBUG] query slug: "startup-opportunities-kolhapur-agriculture-saas-2025" | result: FOUND (id: startup-opportunities-kolhapur-agriculture-saas-2025)
[PSEO DEBUG] query slug: "startup-opportunities-kolhapur-healthcare-tech-2025" | result: FOUND (id: startup-opportunities-kolhapur-healthcare-tech-2025)
[PSEO DEBUG] query slug: "startup-opportunities-kolhapur-maharashtra-2025" | result: FOUND (id: startup-opportunities-kolhapur-maharashtra-2025)
[PSEO DEBUG] query slug: "startup-opportunities-kochi-kerala-2025" | result: FOUND (id: startup-opportunities-kochi-kerala-2025)
[PSEO DEBUG] query slug: "startup-opportunities-chattanooga-tennessee-2025" | result: FOUND (id: startup-opportunities-chattanooga-tennessee-2025)
[PSEO DEBUG] query slug: "startup-opportunities-kolhapur-security-drones-2025" | result: FOUND (id: startup-opportunities-kolhapur-security-drones-2025)
[PSEO DEBUG] table: local_opportunity_pages | raw params: { slug: 'startup-opportunities-bhubaneswar-odisha-2025' }
[PSEO DEBUG] extracted slug: "startup-opportunities-bhubaneswar-odisha-2025"
[PSEO DEBUG] query slug: "startup-opportunities-bhubaneswar-odisha-2025" | result: FOUND (id: startup-opportunities-bhubaneswar-odisha-2025)
[PSEO DEBUG] table: validation_guide_pages | raw params: { slug: 'startup-landing-page' }
[PSEO DEBUG] extracted slug: "startup-landing-page"
[PSEO DEBUG] table: validation_guide_pages | raw params: { slug: 'startup-idea-is-good' }
[PSEO DEBUG] extracted slug: "startup-idea-is-good"
[PSEO DEBUG] table: validation_guide_pages | raw params: { slug: 'market-research-startup-free' }
[PSEO DEBUG] extracted slug: "market-research-startup-free"
[PSEO DEBUG] table: validation_guide_pages | raw params: { slug: 'validate-ai-saas-idea-without-building-2025' }
[PSEO DEBUG] extracted slug: "validate-ai-saas-idea-without-building-2025"
[PSEO DEBUG] table: validation_guide_pages | raw params: { slug: 'validate-shopify-app-idea-before-building' }
[PSEO DEBUG] extracted slug: "validate-shopify-app-idea-before-building"
[PSEO DEBUG] table: validation_guide_pages | raw params: { slug: 'validate-vertical-saas-trade-idea' }
[PSEO DEBUG] extracted slug: "validate-vertical-saas-trade-idea"
[PSEO DEBUG] table: validation_guide_pages | raw params: { slug: 'validate-offline-first-app-idea-2025' }
[PSEO DEBUG] extracted slug: "validate-offline-first-app-idea-2025"
[PSEO DEBUG] table: validation_guide_pages | raw params: { slug: 'validate-micro-saas-freelancers' }
[PSEO DEBUG] extracted slug: "validate-micro-saas-freelancers"
[PSEO DEBUG] query slug: "startup-idea-is-good" | result: FOUND (id: startup-idea-is-good)
[PSEO DEBUG] query slug: "market-research-startup-free" | result: FOUND (id: market-research-startup-free)
[PSEO DEBUG] query slug: "validate-vertical-saas-trade-idea" | result: FOUND (id: validate-vertical-saas-trade-idea)
[PSEO DEBUG] query slug: "validate-shopify-app-idea-before-building" | result: FOUND (id: validate-shopify-app-idea-before-building)
[PSEO DEBUG] query slug: "startup-landing-page" | result: FOUND (id: startup-landing-page)
[PSEO DEBUG] query slug: "validate-offline-first-app-idea-2025" | result: FOUND (id: validate-offline-first-app-idea-2025)
[PSEO DEBUG] query slug: "validate-micro-saas-freelancers" | result: FOUND (id: validate-micro-saas-freelancers)
[PSEO DEBUG] query slug: "validate-ai-saas-idea-without-building-2025" | result: FOUND (id: validate-ai-saas-idea-without-building-2025)
[PSEO DEBUG] table: validation_guide_pages | raw params: { slug: 'validate-ai-agent-idea-specific-niche' }
[PSEO DEBUG] extracted slug: "validate-ai-agent-idea-specific-niche"
[PSEO DEBUG] table: validation_guide_pages | raw params: { slug: 'validate-niche-job-board-idea' }
[PSEO DEBUG] extracted slug: "validate-niche-job-board-idea"
[PSEO DEBUG] table: validation_guide_pages | raw params: { slug: 'validate-personal-crm-idea' }
[PSEO DEBUG] extracted slug: "validate-personal-crm-idea"
[PSEO DEBUG] table: validation_guide_pages | raw params: { slug: 'validate-community-platform-hobby-idea' }
[PSEO DEBUG] extracted slug: "validate-community-platform-hobby-idea"
[PSEO DEBUG] table: validation_guide_pages | raw params: { slug: 'validate-freelance-tool-idea-reddit' }
[PSEO DEBUG] extracted slug: "validate-freelance-tool-idea-reddit"
[PSEO DEBUG] query slug: "validate-community-platform-hobby-idea" | result: FOUND (id: validate-community-platform-hobby-idea)
[PSEO DEBUG] query slug: "validate-freelance-tool-idea-reddit" | result: FOUND (id: validate-freelance-tool-idea-reddit)
[PSEO DEBUG] query slug: "validate-ai-agent-idea-specific-niche" | result: FOUND (id: validate-ai-agent-idea-specific-niche)
[PSEO DEBUG] query slug: "validate-personal-crm-idea" | result: FOUND (id: validate-personal-crm-idea)
[PSEO DEBUG] query slug: "validate-niche-job-board-idea" | result: FOUND (id: validate-niche-job-board-idea)
[PSEO DEBUG] table: saas_ideas_vertical_pages | raw params: { slug: 'healthcare' }
[PSEO DEBUG] extracted slug: "healthcare"
[PSEO DEBUG] table: saas_ideas_vertical_pages | raw params: { slug: 'fitness' }
[PSEO DEBUG] extracted slug: "fitness"
[PSEO DEBUG] table: saas_ideas_vertical_pages | raw params: { slug: 'legal' }
[PSEO DEBUG] extracted slug: "legal"
[PSEO DEBUG] table: saas_ideas_vertical_pages | raw params: { slug: 'construction' }
[PSEO DEBUG] extracted slug: "construction"
[PSEO DEBUG] table: saas_ideas_vertical_pages | raw params: { slug: 'education' }
[PSEO DEBUG] extracted slug: "education"
[PSEO DEBUG] table: saas_ideas_vertical_pages | raw params: { slug: 'ecommerce' }
[PSEO DEBUG] extracted slug: "ecommerce"
[PSEO DEBUG] table: saas_ideas_vertical_pages | raw params: { slug: 'small-business-owners' }
[PSEO DEBUG] extracted slug: "small-business-owners"
[PSEO DEBUG] table: saas_ideas_vertical_pages | raw params: { slug: 'independent-contractors' }
[PSEO DEBUG] extracted slug: "independent-contractors"
[PSEO DEBUG] query slug: "independent-contractors" | result: FOUND (id: independent-contractors)
[PSEO DEBUG] query slug: "healthcare" | result: FOUND (id: healthcare)
[PSEO DEBUG] query slug: "fitness" | result: FOUND (id: fitness)
[PSEO DEBUG] query slug: "education" | result: FOUND (id: education)
[PSEO DEBUG] query slug: "construction" | result: FOUND (id: construction)
[PSEO DEBUG] query slug: "legal" | result: FOUND (id: legal)
[PSEO DEBUG] query slug: "ecommerce" | result: FOUND (id: ecommerce)
[PSEO DEBUG] query slug: "small-business-owners" | result: FOUND (id: small-business-owners)
[PSEO DEBUG] table: saas_ideas_vertical_pages | raw params: { slug: 'trades-businesses' }
[PSEO DEBUG] extracted slug: "trades-businesses"
[PSEO DEBUG] table: saas_ideas_vertical_pages | raw params: { slug: 'field-service' }
[PSEO DEBUG] extracted slug: "field-service"
[PSEO DEBUG] table: saas_ideas_vertical_pages | raw params: { slug: 'creators' }
[PSEO DEBUG] extracted slug: "creators"
[PSEO DEBUG] table: saas_ideas_vertical_pages | raw params: { slug: 'freelancers' }
[PSEO DEBUG] extracted slug: "freelancers"
[PSEO DEBUG] table: saas_ideas_vertical_pages | raw params: { slug: 'nonprofits' }
[PSEO DEBUG] extracted slug: "nonprofits"
[PSEO DEBUG] table: saas_ideas_vertical_pages | raw params: { slug: 'mental-health' }
[PSEO DEBUG] extracted slug: "mental-health"
[PSEO DEBUG] table: saas_ideas_vertical_pages | raw params: { slug: 'pet-industry' }
[PSEO DEBUG] extracted slug: "pet-industry"
[PSEO DEBUG] table: saas_ideas_vertical_pages | raw params: { slug: 'shopify-store-owners-2025' }
[PSEO DEBUG] extracted slug: "shopify-store-owners-2025"
[PSEO DEBUG] query slug: "trades-businesses" | result: FOUND (id: trades-businesses)
[PSEO DEBUG] query slug: "freelancers" | result: FOUND (id: freelancers)
[PSEO DEBUG] query slug: "nonprofits" | result: FOUND (id: nonprofits)
[PSEO DEBUG] query slug: "mental-health" | result: FOUND (id: mental-health)
[PSEO DEBUG] query slug: "field-service" | result: FOUND (id: field-service)
[PSEO DEBUG] query slug: "creators" | result: FOUND (id: creators)
[PSEO DEBUG] query slug: "pet-industry" | result: FOUND (id: pet-industry)
[PSEO DEBUG] query slug: "shopify-store-owners-2025" | result: FOUND (id: shopify-store-owners-2025)
[PSEO DEBUG] table: saas_ideas_vertical_pages | raw params: { slug: 'micro-saas-real-estate-agents-build' }
[PSEO DEBUG] extracted slug: "micro-saas-real-estate-agents-build"
[PSEO DEBUG] table: saas_ideas_vertical_pages | raw params: { slug: 'freelance-photographers-2025' }
[PSEO DEBUG] extracted slug: "freelance-photographers-2025"
[PSEO DEBUG] table: saas_ideas_vertical_pages | raw params: { slug: 'ai-saas-dental-clinics' }
[PSEO DEBUG] extracted slug: "ai-saas-dental-clinics"
[PSEO DEBUG] table: saas_ideas_vertical_pages | raw params: { slug: 'saas-ideas-hvac-contractors-mobile' }
[PSEO DEBUG] extracted slug: "saas-ideas-hvac-contractors-mobile"
[PSEO DEBUG] table: saas_ideas_vertical_pages | raw params: { slug: 'micro-saas-wedding-planners-2025' }
[PSEO DEBUG] extracted slug: "micro-saas-wedding-planners-2025"
[PSEO DEBUG] table: saas_ideas_vertical_pages | raw params: { slug: 'saas-electricians-scheduling-app' }
[PSEO DEBUG] extracted slug: "saas-electricians-scheduling-app"
[PSEO DEBUG] table: saas_ideas_vertical_pages | raw params: { slug: 'saas-ideas-pet-groomers-booking' }
[PSEO DEBUG] extracted slug: "saas-ideas-pet-groomers-booking"
[PSEO DEBUG] table: saas_ideas_vertical_pages | raw params: { slug: 'micro-saas-nonprofit-volunteers' }
[PSEO DEBUG] extracted slug: "micro-saas-nonprofit-volunteers"
[PSEO DEBUG] query slug: "saas-ideas-hvac-contractors-mobile" | result: FOUND (id: saas-ideas-hvac-contractors-mobile)
[PSEO DEBUG] query slug: "freelance-photographers-2025" | result: FOUND (id: freelance-photographers-2025)
[PSEO DEBUG] query slug: "micro-saas-wedding-planners-2025" | result: FOUND (id: micro-saas-wedding-planners-2025)
[PSEO DEBUG] query slug: "saas-electricians-scheduling-app" | result: FOUND (id: saas-electricians-scheduling-app)
[PSEO DEBUG] query slug: "micro-saas-real-estate-agents-build" | result: FOUND (id: micro-saas-real-estate-agents-build)
[PSEO DEBUG] query slug: "ai-saas-dental-clinics" | result: FOUND (id: ai-saas-dental-clinics)
[PSEO DEBUG] query slug: "saas-ideas-pet-groomers-booking" | result: FOUND (id: saas-ideas-pet-groomers-booking)
[PSEO DEBUG] query slug: "micro-saas-nonprofit-volunteers" | result: FOUND (id: micro-saas-nonprofit-volunteers)
[PSEO DEBUG] table: saas_ideas_vertical_pages | raw params: { slug: 'ai-saas-restaurant-menu-optimization' }
[PSEO DEBUG] extracted slug: "ai-saas-restaurant-menu-optimization"
[PSEO DEBUG] table: saas_ideas_vertical_pages | raw params: { slug: 'saas-ideas-yoga-instructors-online' }
[PSEO DEBUG] extracted slug: "saas-ideas-yoga-instructors-online"
[PSEO DEBUG] table: saas_ideas_vertical_pages | raw params: { slug: 'freelance-writers-2025' }
[PSEO DEBUG] extracted slug: "freelance-writers-2025"
[PSEO DEBUG] table: saas_ideas_vertical_pages | raw params: { slug: 'micro-saas-property-managers-small' }
[PSEO DEBUG] extracted slug: "micro-saas-property-managers-small"
[PSEO DEBUG] table: saas_ideas_vertical_pages | raw params: { slug: 'saas-childcare-center-parents' }
[PSEO DEBUG] extracted slug: "saas-childcare-center-parents"
[PSEO DEBUG] table: saas_ideas_vertical_pages | raw params: { slug: 'saas-ideas-auto-shop-mechanics' }
[PSEO DEBUG] extracted slug: "saas-ideas-auto-shop-mechanics"
[PSEO DEBUG] table: saas_ideas_vertical_pages | raw params: { slug: 'vertical-saas-ai-wingman-apps-india-2025' }
[PSEO DEBUG] extracted slug: "vertical-saas-ai-wingman-apps-india-2025"
[PSEO DEBUG] query slug: "micro-saas-property-managers-small" | result: FOUND (id: micro-saas-property-managers-small)
[PSEO DEBUG] query slug: "saas-childcare-center-parents" | result: FOUND (id: saas-childcare-center-parents)
[PSEO DEBUG] query slug: "saas-ideas-yoga-instructors-online" | result: FOUND (id: saas-ideas-yoga-instructors-online)
[PSEO DEBUG] query slug: "ai-saas-restaurant-menu-optimization" | result: FOUND (id: ai-saas-restaurant-menu-optimization)
[PSEO DEBUG] query slug: "saas-ideas-auto-shop-mechanics" | result: FOUND (id: saas-ideas-auto-shop-mechanics)
[PSEO DEBUG] query slug: "freelance-writers-2025" | result: FOUND (id: freelance-writers-2025)
[PSEO DEBUG] query slug: "vertical-saas-ai-wingman-apps-india-2025" | result: FOUND (id: vertical-saas-ai-wingman-apps-india-2025)
[PSEO DEBUG] query slug: "property-management-tool" | result: FOUND (id: property-management-tool)
[PSEO DEBUG] query slug: "fitness-tracking-app" | result: FOUND (id: fitness-tracking-app)
[PSEO DEBUG] query slug: "ai-invoicing-tool" | result: FOUND (id: ai-invoicing-tool)
[PSEO DEBUG] table: should_i_build_pages | raw params: { slug: 'healthcare-scheduling-app' }
[PSEO DEBUG] extracted slug: "healthcare-scheduling-app"
[PSEO DEBUG] table: should_i_build_pages | raw params: { slug: 'marketplace-or-saas' }
[PSEO DEBUG] extracted slug: "marketplace-or-saas"
[PSEO DEBUG] table: should_i_build_pages | raw params: { slug: 'b2b-or-b2c-saas' }
[PSEO DEBUG] extracted slug: "b2b-or-b2c-saas"
[PSEO DEBUG] table: should_i_build_pages | raw params: { slug: 'mobile-app-or-web-app' }
[PSEO DEBUG] extracted slug: "mobile-app-or-web-app"
[PSEO DEBUG] table: should_i_build_pages | raw params: { slug: 'or-buy-competitor' }
[PSEO DEBUG] extracted slug: "or-buy-competitor"
[PSEO DEBUG] table: should_i_build_pages | raw params: { slug: 'build-ai-customer-service-bot-small-business' }
[PSEO DEBUG] extracted slug: "build-ai-customer-service-bot-small-business"
[PSEO DEBUG] table: should_i_build_pages | raw params: { slug: 'build-shopify-review-app-2025' }
[PSEO DEBUG] extracted slug: "build-shopify-review-app-2025"
[PSEO DEBUG] table: should_i_build_pages | raw params: { slug: 'build-notion-template-marketplace' }
[PSEO DEBUG] extracted slug: "build-notion-template-marketplace"
[PSEO DEBUG] query slug: "healthcare-scheduling-app" | result: FOUND (id: healthcare-scheduling-app)
[PSEO DEBUG] query slug: "marketplace-or-saas" | result: FOUND (id: marketplace-or-saas)
[PSEO DEBUG] query slug: "mobile-app-or-web-app" | result: FOUND (id: mobile-app-or-web-app)
[PSEO DEBUG] query slug: "build-shopify-review-app-2025" | result: FOUND (id: build-shopify-review-app-2025)
[PSEO DEBUG] query slug: "or-buy-competitor" | result: FOUND (id: or-buy-competitor)
[PSEO DEBUG] query slug: "build-ai-customer-service-bot-small-business" | result: FOUND (id: build-ai-customer-service-bot-small-business)
[PSEO DEBUG] query slug: "b2b-or-b2c-saas" | result: FOUND (id: b2b-or-b2c-saas)
[PSEO DEBUG] query slug: "build-notion-template-marketplace" | result: FOUND (id: build-notion-template-marketplace)
[PSEO DEBUG] table: should_i_build_pages | raw params: { slug: 'build-ai-meeting-summary-agencies' }
[PSEO DEBUG] extracted slug: "build-ai-meeting-summary-agencies"
[PSEO DEBUG] table: should_i_build_pages | raw params: { slug: 'build-linkedin-scraper-tool' }
[PSEO DEBUG] extracted slug: "build-linkedin-scraper-tool"
[PSEO DEBUG] table: should_i_build_pages | raw params: { slug: 'build-passive-income-tracker-app' }
[PSEO DEBUG] extracted slug: "build-passive-income-tracker-app"
[PSEO DEBUG] table: should_i_build_pages | raw params: { slug: 'build-ai-resume-builder-2025' }
[PSEO DEBUG] extracted slug: "build-ai-resume-builder-2025"
[PSEO DEBUG] table: should_i_build_pages | raw params: { slug: 'build-micro-learning-platform' }
[PSEO DEBUG] extracted slug: "build-micro-learning-platform"
[PSEO DEBUG] table: should_i_build_pages | raw params: { slug: 'build-instagram-bio-link-tool' }
[PSEO DEBUG] extracted slug: "build-instagram-bio-link-tool"
[PSEO DEBUG] table: should_i_build_pages | raw params: { slug: 'build-ai-email-writer-freelancers' }
[PSEO DEBUG] extracted slug: "build-ai-email-writer-freelancers"
[PSEO DEBUG] table: should_i_build_pages | raw params: { slug: 'build-zapier-alternative-small-teams' }
[PSEO DEBUG] extracted slug: "build-zapier-alternative-small-teams"
[PSEO DEBUG] query slug: "build-ai-email-writer-freelancers" | result: FOUND (id: build-ai-email-writer-freelancers)
[PSEO DEBUG] query slug: "build-micro-learning-platform" | result: FOUND (id: build-micro-learning-platform)
[PSEO DEBUG] query slug: "build-linkedin-scraper-tool" | result: FOUND (id: build-linkedin-scraper-tool)
[PSEO DEBUG] query slug: "build-ai-resume-builder-2025" | result: FOUND (id: build-ai-resume-builder-2025)
[PSEO DEBUG] query slug: "build-passive-income-tracker-app" | result: FOUND (id: build-passive-income-tracker-app)
[PSEO DEBUG] query slug: "build-zapier-alternative-small-teams" | result: FOUND (id: build-zapier-alternative-small-teams)
[PSEO DEBUG] query slug: "build-instagram-bio-link-tool" | result: FOUND (id: build-instagram-bio-link-tool)
[PSEO DEBUG] query slug: "build-ai-meeting-summary-agencies" | result: FOUND (id: build-ai-meeting-summary-agencies)
[PSEO DEBUG] table: should_i_build_pages | raw params: { slug: 'build-tiktok-analytics-creators' }
[PSEO DEBUG] extracted slug: "build-tiktok-analytics-creators"
[PSEO DEBUG] table: should_i_build_pages | raw params: { slug: 'build-ai-podcast-generator-2025' }
[PSEO DEBUG] extracted slug: "build-ai-podcast-generator-2025"
[PSEO DEBUG] table: should_i_build_pages | raw params: { slug: 'build-freelance-contract-generator' }
[PSEO DEBUG] extracted slug: "build-freelance-contract-generator"
[PSEO DEBUG] table: should_i_build_pages | raw params: { slug: 'build-saas-pricing-optimizer' }
[PSEO DEBUG] extracted slug: "build-saas-pricing-optimizer"
[PSEO DEBUG] query slug: "build-ai-podcast-generator-2025" | result: FOUND (id: build-ai-podcast-generator-2025)
[PSEO DEBUG] query slug: "build-tiktok-analytics-creators" | result: FOUND (id: build-tiktok-analytics-creators)
[PSEO DEBUG] query slug: "build-saas-pricing-optimizer" | result: FOUND (id: build-saas-pricing-optimizer)
[PSEO DEBUG] query slug: "build-freelance-contract-generator" | result: FOUND (id: build-freelance-contract-generator)
[PSEO DEBUG] table: india_should_i_build_pages | raw params: { slug: 'society-management-software-india' }
[PSEO DEBUG] extracted slug: "society-management-software-india"
[PSEO DEBUG] table: india_should_i_build_pages | raw params: { slug: 'coaching-institute-software-india' }
[PSEO DEBUG] extracted slug: "coaching-institute-software-india"
[PSEO DEBUG] table: india_should_i_build_pages | raw params: { slug: 'school-management-software-india' }
[PSEO DEBUG] extracted slug: "school-management-software-india"
[PSEO DEBUG] table: india_should_i_build_pages | raw params: { slug: 'clinic-management-software-india' }
[PSEO DEBUG] extracted slug: "clinic-management-software-india"
[PSEO DEBUG] table: india_should_i_build_pages | raw params: { slug: 'gst-billing-software-india' }
[PSEO DEBUG] extracted slug: "gst-billing-software-india"
[PSEO DEBUG] query slug: "school-management-software-india" | result: FOUND (id: school-management-software-india)
[PSEO DEBUG] query slug: "society-management-software-india" | result: FOUND (id: society-management-software-india)
[PSEO DEBUG] query slug: "clinic-management-software-india" | result: FOUND (id: clinic-management-software-india)
[PSEO DEBUG] query slug: "coaching-institute-software-india" | result: FOUND (id: coaching-institute-software-india)
[PSEO DEBUG] query slug: "gst-billing-software-india" | result: FOUND (id: gst-billing-software-india)
[PSEO DEBUG] table: profitable_niche_pages | raw params: { slug: 'zapier-alternative-small-teams' }
[PSEO DEBUG] extracted slug: "zapier-alternative-small-teams"
[PSEO DEBUG] query slug: "zapier-alternative-small-teams" | result: FOUND (id: zapier-alternative-small-teams)
  Generating static pages using 7 workers (170/340) 
  Generating static pages using 7 workers (255/340) 
[PSEO DEBUG] table: india_should_i_build_pages | raw params: { slug: 'crm-for-indian-freelancers' }
[PSEO DEBUG] extracted slug: "crm-for-indian-freelancers"
[PSEO DEBUG] query slug: "crm-for-indian-freelancers" | result: FOUND (id: crm-for-indian-freelancers)
Γ£ô Generating static pages using 7 workers (340/340) in 29.2s
  Finalizing page optimization ...

Route (app)                                                                               Revalidate  Expire
Γöî ╞Æ /
Γö£ Γùï /_not-found
Γö£ ╞Æ /api/cron/publish
Γö£ ╞Æ /api/cron/reprocess-comments
Γö£ ╞Æ /api/debug-slug/[slug]
Γö£ ╞Æ /api/revalidate
Γö£ ╞Æ /api/webhooks/comment-notification
Γö£ Γùï /audit
Γö£ ╞Æ /auth/callback
Γö£ ╞Æ /blueprints
Γö£ ╞Æ /blueprints/[slug]
Γö£ ╞Æ /build-verdicts
Γö£ ΓùÅ /build-verdicts/[slug]                                                                        1h      1y
Γöé Γö£ /build-verdicts/should-i-start-saas-company-2025                                              1h      1y
Γöé Γö£ /build-verdicts/is-my-startup-idea-worth-building                                             1h      1y
Γöé Γö£ /build-verdicts/when-to-kill-a-startup-idea                                                   1h      1y
Γöé Γöö [+27 more paths]
Γö£ ╞Æ /cities/[slug]
Γö£ ╞Æ /community
Γö£ ╞Æ /community/[slug]
Γö£ ╞Æ /community/leaderboard
Γö£ ╞Æ /community/new
Γö£ ╞Æ /community/settings
Γö£ ╞Æ /community/u/[username]
Γö£ Γùï /compare                                                                                      5m      1y
Γö£ ╞Æ /compare/[slug]
Γö£ ╞Æ /countries/[country]
Γö£ Γùï /digital-battlefield                                                                          5m      1y
Γö£ Γùï /founders-lounge
Γö£ ╞Æ /ideas
Γö£ ╞Æ /ideas/[slug]
Γö£ Γùï /ideas/debug
Γö£ Γùï /ideas/directory                                                                              1d      1y
Γö£ ╞Æ /ideas/directory/[niche]
Γö£ Γùï /india
Γö£ ╞Æ /india/digital-battlefield
Γö£ ╞Æ /india/digital-battlefield/build-verdicts
Γö£ ΓùÅ /india/digital-battlefield/build-verdicts/[slug]                                              1h      1y
Γöé Γö£ /india/digital-battlefield/build-verdicts/society-management-software-india                   1h      1y
Γöé Γö£ /india/digital-battlefield/build-verdicts/coaching-institute-software-india                   1h      1y
Γöé Γö£ /india/digital-battlefield/build-verdicts/school-management-software-india                    1h      1y
Γöé Γöö [+9 more paths]
Γö£ ╞Æ /india/digital-battlefield/local-opportunities
Γö£ ΓùÅ /india/digital-battlefield/local-opportunities/[slug]
Γö£ ╞Æ /india/digital-battlefield/market-saturation
Γö£ ΓùÅ /india/digital-battlefield/market-saturation/[slug]                                           1h      1y
Γöé Γö£ /india/digital-battlefield/market-saturation/whatsapp-marketing-automation-d2c-india          1h      1y
Γöé Γö£ /india/digital-battlefield/market-saturation/upi-b2b-payment-reconciliation-smb               1h      1y
Γöé Γö£ /india/digital-battlefield/market-saturation/ai-resume-screener-tech-hiring-india             1h      1y
Γöé Γöö [+13 more paths]
Γö£ Γùï /india/digital-battlefield/profitable-niches                                                  1h      1y
Γö£ ΓùÅ /india/digital-battlefield/profitable-niches/[slug]                                           1h      1y
Γöé Γö£ /india/digital-battlefield/profitable-niches/quick-commerce-dark-store-wms                    1h      1y
Γöé Γö£ /india/digital-battlefield/profitable-niches/customs-exim-documentation-automation            1h      1y
Γöé Γö£ /india/digital-battlefield/profitable-niches/ondc-buyer-app-infrastructure                    1h      1y
Γöé Γöö [+7 more paths]
Γö£ ╞Æ /india/digital-battlefield/saas-verticals
Γö£ ΓùÅ /india/digital-battlefield/saas-verticals/[slug]                                              1h      1y
Γöé Γö£ /india/digital-battlefield/saas-verticals/quick-commerce-dark-store-operations                1h      1y
Γöé Γö£ /india/digital-battlefield/saas-verticals/e-way-bill-gst-logistics-compliance                 1h      1y
Γöé Γö£ /india/digital-battlefield/saas-verticals/msme-manufacturing-procurement-tally                1h      1y
Γöé Γöö [+7 more paths]
Γö£ ╞Æ /india/digital-battlefield/validation-guides
Γö£ ΓùÅ /india/digital-battlefield/validation-guides/[slug]                                           1h      1y
Γöé Γö£ /india/digital-battlefield/validation-guides/b2b-saas-indian-smes                             1h      1y
Γöé Γö£ /india/digital-battlefield/validation-guides/ai-gst-notice-reply-ca                           1h      1y
Γöé Γö£ /india/digital-battlefield/validation-guides/qcommerce-darkstore-expiry-management            1h      1y
Γöé Γöö [+7 more paths]
Γö£ ╞Æ /india/local-market-scout
Γö£ ΓùÅ /india/local-market-scout/[slug]
Γö£ ΓùÅ /india/local-market-scout/category/[slug]                                                     1h      1y
Γöé Γö£ /india/local-market-scout/category/food-beverage                                              1h      1y
Γöé Γö£ /india/local-market-scout/category/fitness-recreation                                         1h      1y
Γöé Γö£ /india/local-market-scout/category/healthcare-wellness                                        1h      1y
Γöé Γöö [+2 more paths]
Γö£ Γùï /local-market-scout                                                                           5m      1y
Γö£ ╞Æ /local-opportunities
Γö£ ΓùÅ /local-opportunities/[slug]                                                                   1d      1y
Γöé Γö£ /local-opportunities/austin-texas-2025                                                        1d      1y
Γöé Γö£ /local-opportunities/miami-2025                                                               1d      1y
Γöé Γö£ /local-opportunities/denver-2025                                                              1d      1y
Γöé Γöö [+47 more paths]
Γö£ ╞Æ /local-reports
Γö£ ╞Æ /local-reports/city/[city]
Γö£ ╞Æ /local-reports/report/[slug]
Γö£ ╞Æ /market-saturation
Γö£ ΓùÅ /market-saturation/[slug]                                                                     1h      1y
Γöé Γö£ /market-saturation/how-competitive-is-restaurant-pos-market                                   1h      1y
Γöé Γö£ /market-saturation/least-competitive-software-niches-2025                                     1h      1y
Γöé Γö£ /market-saturation/pricing-gap-opportunities-saas-2025                                        1h      1y
Γöé Γöö [+27 more paths]
Γö£ ╞Æ /markets
Γö£ ╞Æ /markets/[region]/[sector]/[model]
Γö£ ╞Æ /markets/state/[state_code]
Γö£ Γùï /privacy
Γö£ ╞Æ /profitable-niches
Γö£ ΓùÅ /profitable-niches/[slug]                                                                     1h      1y
Γöé Γö£ /profitable-niches/ai-customer-service-bot-small-business                                     1h      1y
Γöé Γö£ /profitable-niches/ai-email-rewriter-freelancers                                              1h      1y
Γöé Γö£ /profitable-niches/ai-meeting-summary-tool-agencies                                           1h      1y
Γöé Γöö [+42 more paths]
Γö£ Γùï /reports                                                                                      5m      1y
Γö£ ╞Æ /reports/[slug]
Γö£ ╞Æ /reports/industry
Γö£ ╞Æ /reports/industry/[sector]
Γö£ Γùï /robots.txt
Γö£ ╞Æ /saas-verticals
Γö£ ΓùÅ /saas-verticals/[slug]                                                                        1h      1y
Γöé Γö£ /saas-verticals/local-business                                                                1h      1y
Γöé Γö£ /saas-verticals/undersaturated-saas-ideas-2025                                                1h      1y
Γöé Γö£ /saas-verticals/solo-founders-2025                                                            1h      1y
Γöé Γöö [+33 more paths]
Γö£ ╞Æ /showcase
Γö£ ╞Æ /showcase/[slug]
Γö£ Γùï /sitemap-index.xml                                                                            1h      1y
Γö£ ΓùÅ /sitemap/[__metadata_id__]                                                                    1h      1y
Γöé Γö£ /sitemap/0.xml                                                                                1h      1y
Γöé Γö£ /sitemap/1.xml                                                                                1h      1y
Γöé Γö£ /sitemap/2.xml                                                                                1h      1y
Γöé Γöö [+21 more paths]
Γö£ ╞Æ /solutions
Γö£ ╞Æ /solutions/[slug]
Γö£ Γùï /terms
Γö£ Γùï /tools                                                                                        1h      1y
Γö£ Γùï /tools/aeo-scanner
Γö£ Γùï /tools/build-pivot-kill
Γö£ Γùï /tools/delivery-calculator
Γö£ Γùï /tools/franchise-profit-simulator
Γö£ Γùï /tools/local-scout
Γö£ Γùï /tools/sba-loan-scanner
Γö£ Γùï /tools/uk-vat-cliff-scanner
Γö£ ╞Æ /validation-guides
Γöö ΓùÅ /validation-guides/[slug]                                                                     1h      1y
  Γö£ /validation-guides/startup-idea-validation-checklist                                          1h      1y
  Γö£ /validation-guides/startup-validation-before-building                                         1h      1y
  Γö£ /validation-guides/signs-startup-idea-will-fail                                               1h      1y
  Γöö [+17 more paths]


╞Æ Proxy (Middleware)

Γùï  (Static)   prerendered as static content
ΓùÅ  (SSG)      prerendered as static HTML (uses generateStaticParams)
╞Æ  (Dynamic)  server-rendered on demand

npm notice
npm notice New minor version of npm available! 11.8.0 -> 11.17.0
npm notice Changelog: https://github.com/npm/cli/releases/tag/v11.17.0
npm notice To update run: npm install -g npm@11.17.0
npm notice
